{
  "queryType": "timeseries",
  "granularity": {
    "type": "period",
    "period": "T1M"
  }
}
