{
  "queryType": "timeseries",
  "granularity": {
    "type": "duration",
    "duration": 3600000
  }
}
