{
  "queryType": "timeseries",
  "granularity": {
    "type": "period",
    "period": "T1M",
    "timeZone": "utc",
    "origin": "2000-01-02T01:01:00\u002B00:00"
  }
}
