[
  {
    "Timestamp": "2016-01-01T00:00:00+01:00",
    "Value": {
      "Sum": 11774265
    }
  }
]
