[
  {
    "Timestamp": "2016-06-27T01:00:00+02:00",
    "Value": {
      "Sum": 2172239
    }
  },
  {
    "Timestamp": "2016-06-27T07:00:00+02:00",
    "Value": {
      "Sum": 2858750
    }
  },
  {
    "Timestamp": "2016-06-27T13:00:00+02:00",
    "Value": {
      "Sum": 4329117
    }
  },
  {
    "Timestamp": "2016-06-27T19:00:00+02:00",
    "Value": {
      "Sum": 2414159
    }
  }
]
