[
  {
    "Timestamp": "2016-06-27T00:00:00+00:00",
    "Value": {
      "Sum": 2668713
    }
  },
  {
    "Timestamp": "2016-06-27T06:00:00+00:00",
    "Value": {
      "Sum": 3002683
    }
  },
  {
    "Timestamp": "2016-06-27T12:00:00+00:00",
    "Value": {
      "Sum": 4162467
    }
  },
  {
    "Timestamp": "2016-06-27T18:00:00+00:00",
    "Value": {
      "Sum": 1940402
    }
  }
]
