[
  {
    "Timestamp": "2016-06-27T01:00:00+02:00",
    "Value": {
      "Sum": 3076275
    }
  },
  {
    "Timestamp": "2016-06-27T09:00:00+02:00",
    "Value": {
      "Sum": 4567505
    }
  },
  {
    "Timestamp": "2016-06-27T17:00:00+02:00",
    "Value": {
      "Sum": 4130485
    }
  }
]
