[
  {
    "Timestamp": "2016-04-01T00:00:00+02:00",
    "Value": {
      "Sum": 11774265
    }
  }
]
