[
  {
    "Timestamp": "2016-06-27T00:00:00+00:00",
    "Value": 3506544
  },
  {
    "Timestamp": "2016-06-27T08:00:00+00:00",
    "Value": 4837406
  },
  {
    "Timestamp": "2016-06-27T16:00:00+00:00",
    "Value": 3430315
  }
]
