[
  {
    "Timestamp": "2016-06-27T00:00:00+02:00",
    "Value": {
      "Sum": 11774265
    }
  }
]
