[
  {
    "Timestamp": "2016-04-01T00:00:00+00:00",
    "Value": 11774265
  }
]
