[
  {
    "Timestamp": "2016-06-27T00:00:11.08+00:00",
    "Value": 11774265
  }
]
