[
  {
    "Timestamp": "2016-06-27T00:00:00+00:00",
    "Value": 89
  },
  {
    "Timestamp": "2016-06-27T01:00:00+00:00",
    "Value": 94
  },
  {
    "Timestamp": "2016-06-27T02:00:00+00:00",
    "Value": 98
  },
  {
    "Timestamp": "2016-06-27T03:00:00+00:00",
    "Value": 108
  },
  {
    "Timestamp": "2016-06-27T04:00:00+00:00",
    "Value": 91
  },
  {
    "Timestamp": "2016-06-27T05:00:00+00:00",
    "Value": 101
  },
  {
    "Timestamp": "2016-06-27T06:00:00+00:00",
    "Value": 104
  },
  {
    "Timestamp": "2016-06-27T07:00:00+00:00",
    "Value": 100
  },
  {
    "Timestamp": "2016-06-27T08:00:00+00:00",
    "Value": 122
  },
  {
    "Timestamp": "2016-06-27T09:00:00+00:00",
    "Value": 99
  },
  {
    "Timestamp": "2016-06-27T10:00:00+00:00",
    "Value": 115
  },
  {
    "Timestamp": "2016-06-27T11:00:00+00:00",
    "Value": 106
  },
  {
    "Timestamp": "2016-06-27T12:00:00+00:00",
    "Value": 105
  },
  {
    "Timestamp": "2016-06-27T13:00:00+00:00",
    "Value": 95
  },
  {
    "Timestamp": "2016-06-27T14:00:00+00:00",
    "Value": 115
  },
  {
    "Timestamp": "2016-06-27T15:00:00+00:00",
    "Value": 99
  },
  {
    "Timestamp": "2016-06-27T16:00:00+00:00",
    "Value": 93
  },
  {
    "Timestamp": "2016-06-27T17:00:00+00:00",
    "Value": 73
  },
  {
    "Timestamp": "2016-06-27T18:00:00+00:00",
    "Value": 99
  },
  {
    "Timestamp": "2016-06-27T19:00:00+00:00",
    "Value": 86
  },
  {
    "Timestamp": "2016-06-27T20:00:00+00:00",
    "Value": 100
  },
  {
    "Timestamp": "2016-06-27T21:00:00+00:00",
    "Value": 39
  }
]
